{
  "ScenarioTitle": "should collect info about exceptions",
  "MethodName": "should_collect_info_about_exceptions",
  "FilePath": "_IGNORED_VALUE_",
  "LineNumber": 145,
  "Status": 1,
  "Steps": [
    {
      "Description": "This is the first step",
      "LineNumber": 149,
      "FilePath": "_IGNORED_VALUE_",
      "ExecutionTime": "_IGNORED_VALUE_",
      "Status": 2,
      "Exception": null,
      "SubSteps": [
        {
          "Description": "This is the first sub-step of first step",
          "LineNumber": 151,
          "FilePath": "_IGNORED_VALUE_",
          "ExecutionTime": "_IGNORED_VALUE_",
          "Status": 3,
          "Exception": null,
          "SubSteps": null
        },
        {
          "Description": "This is the second sub-step of first step",
          "LineNumber": 155,
          "FilePath": "_IGNORED_VALUE_",
          "ExecutionTime": "_IGNORED_VALUE_",
          "Status": 2,
          "Exception": null,
          "SubSteps": [
            {
              "Description": "Yet another nesting level p1",
              "LineNumber": 157,
              "FilePath": "_IGNORED_VALUE_",
              "ExecutionTime": "_IGNORED_VALUE_",
              "Status": 2,
              "Exception": "System.InvalidOperationException: Something wrong\r\n   at NScenario.Demo.Tests.<>c.<should_collect_info_about_exceptions>b__5_4() in C:\\repos\\NScenario\\src\\NScenario.Demo\\UnitTest1.cs:line 159\r\n   at NScenario.StepExecutors.OutputScenarioStepExecutor.Step(String scenarioName, String stepDescription, Func`1 action, StepContext stepContext) in C:\\repos\\NScenario\\src\\NScenario\\StepExecutors\\OutputScenarioStepExecutor.cs:line 31\r\n   at NScenario.StepExecutors.LevelTrackingScenarioStepExecutor.Step(String scenarioName, String stepDescription, Func`1 action, StepContext stepContext) in C:\\repos\\NScenario\\src\\NScenario\\StepExecutors\\LevelTrackingScenarioStepExecutor.cs:line 21\r\n   at NScenario.StepExecutors.LevelTrackingScenarioStepExecutor.Step(String scenarioName, String stepDescription, Func`1 action, StepContext stepContext) in C:\\repos\\NScenario\\src\\NScenario\\StepExecutors\\LevelTrackingScenarioStepExecutor.cs:line 21\r\n   at NScenario.ScenarioInfoCollectorExecutor.Step(String scenarioName, String stepDescription, MaybeAsyncAction action, StepContext stepContext) in C:\\repos\\NScenario\\src\\NScenario\\ScenarioInfoCollectorExecutor.cs:line 61",
              "SubSteps": null
            }
          ]
        }
      ]
    }
  ]
}